Partition Merge report for DE1SOC_LCDLT24_2fas
Wed Dec 21 17:55:21 2022
Quartus Prime Version 18.1.1 Build 646 04/11/2019 SJ Standard Edition


---------------------
; Table of Contents ;
---------------------
  1. Legal Notice
  2. Partition Merge Summary
  3. Partition Merge Netlist Types Used
  4. Partition Merge Rapid Recompile Summary
  5. Partition Merge Rapid Recompile Table of Changed Logic Entities
  6. Partition Merge Rapid Recompile Table of Modified Assignments
  7. Connections to In-System Debugging Instance "auto_signaltap_0"
  8. Partition Merge Partition Pin Processing
  9. Partition Merge Resource Usage Summary
 10. Partition Merge RAM Summary
 11. Partition Merge Messages



----------------
; Legal Notice ;
----------------
Copyright (C) 2019  Intel Corporation. All rights reserved.
Your use of Intel Corporation's design tools, logic functions 
and other software and tools, and any partner logic 
functions, and any output files from any of the foregoing 
(including device programming or simulation files), and any 
associated documentation or information are expressly subject 
to the terms and conditions of the Intel Program License 
Subscription Agreement, the Intel Quartus Prime License Agreement,
the Intel FPGA IP License Agreement, or other applicable license
agreement, including, without limitation, that your use is for
the sole purpose of programming logic devices manufactured by
Intel and sold by Intel or its authorized distributors.  Please
refer to the applicable agreement for further details, at
https://fpgasoftware.intel.com/eula.



+-----------------------------------------------------------------------------------+
; Partition Merge Summary                                                           ;
+---------------------------------+-------------------------------------------------+
; Partition Merge Status          ; Successful - Wed Dec 21 17:55:21 2022           ;
; Quartus Prime Version           ; 18.1.1 Build 646 04/11/2019 SJ Standard Edition ;
; Revision Name                   ; DE1SOC_LCDLT24_2fas                             ;
; Top-level Entity Name           ; DE1SOC_LCDLT24_2fas                             ;
; Family                          ; Cyclone V                                       ;
; Logic utilization (in ALMs)     ; 961 / 32,070 ( 3 % )                            ;
; Total registers                 ; 1186                                            ;
; Total pins                      ; 47 / 457 ( 10 % )                               ;
; Total virtual pins              ; 0                                               ;
; Total block memory bits         ; 180,224 / 4,065,280 ( 4 % )                     ;
; Total DSP Blocks                ; 0 / 87 ( 0 % )                                  ;
; Total HSSI RX PCSs              ; 0                                               ;
; Total HSSI PMA RX Deserializers ; 0                                               ;
; Total HSSI TX PCSs              ; 0                                               ;
; Total HSSI PMA TX Serializers   ; 0                                               ;
; Total PLLs                      ; 0 / 6 ( 0 % )                                   ;
; Total DLLs                      ; 0 / 4 ( 0 % )                                   ;
+---------------------------------+-------------------------------------------------+


+--------------------------------------------------------------------------------------------------------------------------------------+
; Partition Merge Netlist Types Used                                                                                                   ;
+--------------------------------+----------------+--------------------------+------------------------+--------------------------------+
; Partition Name                 ; Partition Type ; Netlist Type Used        ; Netlist Type Requested ; Partition Contents             ;
+--------------------------------+----------------+--------------------------+------------------------+--------------------------------+
; Top                            ; User-created   ; Hybrid (Rapid Recompile) ; Source File            ;                                ;
; sld_hub:auto_hub               ; Auto-generated ; Hybrid (Rapid Recompile) ; Post-Synthesis         ; sld_hub:auto_hub               ;
; sld_signaltap:auto_signaltap_0 ; Auto-generated ; Hybrid (Rapid Recompile) ; Post-Synthesis         ; sld_signaltap:auto_signaltap_0 ;
; hard_block:auto_generated_inst ; Auto-generated ; Hybrid (Rapid Recompile) ; Source File            ; hard_block:auto_generated_inst ;
+--------------------------------+----------------+--------------------------+------------------------+--------------------------------+


+----------------------------------------------------------------------------------------------------------------------------------+
; Partition Merge Rapid Recompile Summary                                                                                          ;
+--------------------------------+------------------------+--------------------------------+-------------------------------+-------+
; Partition Name                 ; Rapid Recompile Status ; Netlist Preservation Requested ; Netlist Preservation Achieved ; Notes ;
+--------------------------------+------------------------+--------------------------------+-------------------------------+-------+
; Top                            ; Engaged                ; 98.93% (1295 / 1309)           ; 94.81% (1241 / 1309)          ;       ;
; sld_hub:auto_hub               ; Engaged                ; 96.17% (301 / 313)             ; 65.81% (206 / 313)            ;       ;
; sld_signaltap:auto_signaltap_0 ; Engaged                ; 67.42% (900 / 1335)            ; 67.42% (900 / 1335)           ;       ;
; hard_block:auto_generated_inst ; Engaged                ; 100.00% (23 / 23)              ; 100.00% (23 / 23)             ;       ;
+--------------------------------+------------------------+--------------------------------+-------------------------------+-------+


+------------------------------------------------------------------------------------------------------------------------------------------------------------------------------------------------------------------------------------------------------------------------------------------------------------------------------------------------+
; Partition Merge Rapid Recompile Table of Changed Logic Entities                                                                                                                                                                                                                                                                                ;
+----------------------------------------------------------------------------------------------------------------------------------------------------------------------------------------------------------------------------------------------------------------------------------------------------------------------+-------------------------+
; Changed Logic Entities                                                                                                                                                                                                                                                                                               ; Number of Changed Nodes ;
+----------------------------------------------------------------------------------------------------------------------------------------------------------------------------------------------------------------------------------------------------------------------------------------------------------------------+-------------------------+
; |DE1SOC_LCDLT24_2fas                                                                                                                                                                                                                                                                                                 ; 11                      ;
; |DE1SOC_LCDLT24_2fas|uart:O4_LCDUART                                                                                                                                                                                                                                                                                 ; 6                       ;
; |sld_hub|alt_sld_fab_with_jtag_input:\instrumentation_fabric_with_node_gen:fabric_gen_new_way:with_jtag_input_gen:instrumentation_fabric|alt_sld_fab:instrumentation_fabric|alt_sld_fab_alt_sld_fab:alt_sld_fab|alt_sld_fab_alt_sld_fab_sldfabric:sldfabric|sld_jtag_hub:\jtag_hub_gen:real_sld_jtag_hub             ; 25                      ;
; |sld_signaltap|sld_signaltap_impl:sld_signaltap_body|sld_signaltap_implb:sld_signaltap_body|sld_buffer_manager:sld_buffer_manager_inst                                                                                                                                                                               ; 151                     ;
; |sld_signaltap|sld_signaltap_impl:sld_signaltap_body|sld_signaltap_implb:sld_signaltap_body                                                                                                                                                                                                                          ; 125                     ;
; |sld_signaltap                                                                                                                                                                                                                                                                                                       ; 77                      ;
; |sld_signaltap|sld_signaltap_impl:sld_signaltap_body|sld_signaltap_implb:sld_signaltap_body|altdpram:\stp_non_zero_ram_gen:attribute_mem_gen:attribute_mem                                                                                                                                                           ; 54                      ;
; |sld_signaltap|sld_signaltap_impl:sld_signaltap_body|sld_signaltap_implb:sld_signaltap_body|sld_offload_buffer_mgr:\stp_non_zero_depth_offload_gen:stp_offload_buff_mgr_inst|lpm_counter:status_advance_pointer_counter|cntr_49i:auto_generated                                                                      ; 36                      ;
; |sld_signaltap|sld_signaltap_impl:sld_signaltap_body|sld_signaltap_implb:sld_signaltap_body|sld_ela_control:ela_control|sld_ela_basic_multi_level_trigger:\basic_multi_level_mbpm_trigger_gen:multi_level_mbpm|lpm_shiftreg:trigger_condition_deserialize                                                            ; 35                      ;
; |sld_signaltap|sld_signaltap_impl:sld_signaltap_body|sld_signaltap_implb:sld_signaltap_body|altsyncram:\stp_non_zero_ram_gen:stp_buffer_ram|altsyncram_qh84:auto_generated                                                                                                                                           ; 33                      ;
; |sld_signaltap|sld_signaltap_impl:sld_signaltap_body|sld_signaltap_implb:sld_signaltap_body|sld_offload_buffer_mgr:\stp_non_zero_depth_offload_gen:stp_offload_buff_mgr_inst|lpm_shiftreg:info_data_shift_out                                                                                                        ; 26                      ;
; |sld_signaltap|sld_signaltap_impl:sld_signaltap_body|sld_signaltap_implb:sld_signaltap_body|sld_offload_buffer_mgr:\stp_non_zero_depth_offload_gen:stp_offload_buff_mgr_inst                                                                                                                                         ; 21                      ;
; |sld_signaltap|sld_signaltap_impl:sld_signaltap_body|sld_signaltap_implb:sld_signaltap_body|sld_offload_buffer_mgr:\stp_non_zero_depth_offload_gen:stp_offload_buff_mgr_inst|lpm_shiftreg:ram_data_shift_out                                                                                                         ; 15                      ;
; |sld_signaltap|sld_signaltap_impl:sld_signaltap_body|sld_signaltap_implb:sld_signaltap_body|serial_crc_16:\tdo_crc_gen:tdo_crc_calc                                                                                                                                                                                  ; 8                       ;
; |sld_signaltap|sld_signaltap_impl:sld_signaltap_body|sld_signaltap_implb:sld_signaltap_body|sld_ela_control:ela_control|sld_ela_trigger_flow_mgr:\builtin:ela_trigger_flow_mgr_entity                                                                                                                                ; 8                       ;
; |sld_signaltap|sld_signaltap_impl:sld_signaltap_body|sld_signaltap_implb:sld_signaltap_body|sld_offload_buffer_mgr:\stp_non_zero_depth_offload_gen:stp_offload_buff_mgr_inst|lpm_counter:\adv_point_3_and_more:advance_pointer_counter|cntr_89i:auto_generated                                                       ; 6                       ;
; |sld_signaltap|sld_signaltap_impl:sld_signaltap_body|sld_signaltap_implb:sld_signaltap_body|sld_offload_buffer_mgr:\stp_non_zero_depth_offload_gen:stp_offload_buff_mgr_inst|lpm_shiftreg:status_data_shift_out                                                                                                      ; 6                       ;
; |sld_signaltap|sld_signaltap_impl:sld_signaltap_body|sld_signaltap_implb:sld_signaltap_body|lpm_shiftreg:segment_offset_config_deserialize                                                                                                                                                                           ; 3                       ;
; |sld_signaltap|sld_signaltap_impl:sld_signaltap_body|sld_signaltap_implb:sld_signaltap_body|sld_ela_control:ela_control|sld_ela_basic_multi_level_trigger:\basic_multi_level_mbpm_trigger_gen:multi_level_mbpm|sld_mbpmg:\trigger_modules_gen:0:trigger_match|sld_sbpmg:\gen_sbpmg_pipeline_less_than_two:sm0:11:sm1 ; 3                       ;
; |sld_signaltap|sld_signaltap_impl:sld_signaltap_body|sld_signaltap_implb:sld_signaltap_body|sld_ela_control:ela_control|sld_ela_basic_multi_level_trigger:\basic_multi_level_mbpm_trigger_gen:multi_level_mbpm|sld_mbpmg:\trigger_modules_gen:0:trigger_match|sld_sbpmg:\gen_sbpmg_pipeline_less_than_two:sm0:12:sm1 ; 3                       ;
; |sld_signaltap|sld_signaltap_impl:sld_signaltap_body|sld_signaltap_implb:sld_signaltap_body|sld_ela_control:ela_control|sld_ela_basic_multi_level_trigger:\basic_multi_level_mbpm_trigger_gen:multi_level_mbpm|sld_mbpmg:\trigger_modules_gen:0:trigger_match|sld_sbpmg:\gen_sbpmg_pipeline_less_than_two:sm0:13:sm1 ; 3                       ;
; |sld_signaltap|sld_signaltap_impl:sld_signaltap_body|sld_signaltap_implb:sld_signaltap_body|sld_ela_control:ela_control|sld_ela_basic_multi_level_trigger:\basic_multi_level_mbpm_trigger_gen:multi_level_mbpm|sld_mbpmg:\trigger_modules_gen:0:trigger_match|sld_sbpmg:\gen_sbpmg_pipeline_less_than_two:sm0:14:sm1 ; 3                       ;
; |sld_signaltap|sld_signaltap_impl:sld_signaltap_body|sld_signaltap_implb:sld_signaltap_body|sld_ela_control:ela_control|sld_ela_basic_multi_level_trigger:\basic_multi_level_mbpm_trigger_gen:multi_level_mbpm|sld_mbpmg:\trigger_modules_gen:0:trigger_match|sld_sbpmg:\gen_sbpmg_pipeline_less_than_two:sm0:15:sm1 ; 3                       ;
; |sld_signaltap|sld_signaltap_impl:sld_signaltap_body|sld_signaltap_implb:sld_signaltap_body|sld_ela_control:ela_control|sld_ela_basic_multi_level_trigger:\basic_multi_level_mbpm_trigger_gen:multi_level_mbpm|sld_mbpmg:\trigger_modules_gen:0:trigger_match|sld_sbpmg:\gen_sbpmg_pipeline_less_than_two:sm0:16:sm1 ; 3                       ;
; |sld_signaltap|sld_signaltap_impl:sld_signaltap_body|sld_signaltap_implb:sld_signaltap_body|sld_ela_control:ela_control|sld_ela_basic_multi_level_trigger:\basic_multi_level_mbpm_trigger_gen:multi_level_mbpm|sld_mbpmg:\trigger_modules_gen:0:trigger_match|sld_sbpmg:\gen_sbpmg_pipeline_less_than_two:sm0:17:sm1 ; 3                       ;
; |sld_signaltap|sld_signaltap_impl:sld_signaltap_body|sld_signaltap_implb:sld_signaltap_body|sld_ela_control:ela_control|sld_ela_basic_multi_level_trigger:\basic_multi_level_mbpm_trigger_gen:multi_level_mbpm|sld_mbpmg:\trigger_modules_gen:0:trigger_match|sld_sbpmg:\gen_sbpmg_pipeline_less_than_two:sm0:18:sm1 ; 3                       ;
; |sld_signaltap|sld_signaltap_impl:sld_signaltap_body|sld_signaltap_implb:sld_signaltap_body|sld_ela_control:ela_control|sld_ela_basic_multi_level_trigger:\basic_multi_level_mbpm_trigger_gen:multi_level_mbpm|sld_mbpmg:\trigger_modules_gen:0:trigger_match|sld_sbpmg:\gen_sbpmg_pipeline_less_than_two:sm0:19:sm1 ; 3                       ;
; |sld_signaltap|sld_signaltap_impl:sld_signaltap_body|sld_signaltap_implb:sld_signaltap_body|sld_ela_control:ela_control|sld_ela_basic_multi_level_trigger:\basic_multi_level_mbpm_trigger_gen:multi_level_mbpm|sld_mbpmg:\trigger_modules_gen:0:trigger_match|sld_sbpmg:\gen_sbpmg_pipeline_less_than_two:sm0:20:sm1 ; 3                       ;
; |sld_signaltap|sld_signaltap_impl:sld_signaltap_body|sld_signaltap_implb:sld_signaltap_body|sld_ela_control:ela_control|sld_ela_basic_multi_level_trigger:\basic_multi_level_mbpm_trigger_gen:multi_level_mbpm|sld_mbpmg:\trigger_modules_gen:0:trigger_match|sld_sbpmg:\gen_sbpmg_pipeline_less_than_two:sm0:21:sm1 ; 3                       ;
; |sld_signaltap|sld_signaltap_impl:sld_signaltap_body|sld_signaltap_implb:sld_signaltap_body|sld_offload_buffer_mgr:\stp_non_zero_depth_offload_gen:stp_offload_buff_mgr_inst|lpm_counter:read_pointer_counter|cntr_a2j:auto_generated                                                                                ; 2                       ;
+----------------------------------------------------------------------------------------------------------------------------------------------------------------------------------------------------------------------------------------------------------------------------------------------------------------------+-------------------------+


+----------------------------------------------------------------------------------------------------------------------------------------------------------------------------------------------------------+
; Partition Merge Rapid Recompile Table of Modified Assignments                                                                                                                                            ;
+------------------------------------------+---------------------------+----------------+------------------------------------------------------------------------------------------------------------------+
; Modified Assignments                     ; Target                    ; Previous Value ; Current Value                                                                                                    ;
+------------------------------------------+---------------------------+----------------+------------------------------------------------------------------------------------------------------------------+
; CONNECT_TO_SLD_NODE_ENTITY_PORT          ; uart:O4_LCDUART|RDATO[0]  ; --             ; acq_trigger_in[11]                                                                                               ;
; CONNECT_TO_SLD_NODE_ENTITY_PORT          ; uart:O4_LCDUART|RDATO[0]  ; --             ; acq_data_in[11]                                                                                                  ;
; CONNECT_TO_SLD_NODE_ENTITY_PORT          ; uart:O4_LCDUART|RDATO[10] ; --             ; acq_trigger_in[12]                                                                                               ;
; CONNECT_TO_SLD_NODE_ENTITY_PORT          ; uart:O4_LCDUART|RDATO[10] ; --             ; acq_data_in[12]                                                                                                  ;
; CONNECT_TO_SLD_NODE_ENTITY_PORT          ; uart:O4_LCDUART|RDATO[1]  ; --             ; acq_trigger_in[13]                                                                                               ;
; CONNECT_TO_SLD_NODE_ENTITY_PORT          ; uart:O4_LCDUART|RDATO[1]  ; --             ; acq_data_in[13]                                                                                                  ;
; CONNECT_TO_SLD_NODE_ENTITY_PORT          ; uart:O4_LCDUART|RDATO[2]  ; --             ; acq_trigger_in[14]                                                                                               ;
; CONNECT_TO_SLD_NODE_ENTITY_PORT          ; uart:O4_LCDUART|RDATO[2]  ; --             ; acq_data_in[14]                                                                                                  ;
; CONNECT_TO_SLD_NODE_ENTITY_PORT          ; uart:O4_LCDUART|RDATO[3]  ; --             ; acq_trigger_in[15]                                                                                               ;
; CONNECT_TO_SLD_NODE_ENTITY_PORT          ; uart:O4_LCDUART|RDATO[3]  ; --             ; acq_data_in[15]                                                                                                  ;
; CONNECT_TO_SLD_NODE_ENTITY_PORT          ; uart:O4_LCDUART|RDATO[4]  ; --             ; acq_trigger_in[16]                                                                                               ;
; CONNECT_TO_SLD_NODE_ENTITY_PORT          ; uart:O4_LCDUART|RDATO[4]  ; --             ; acq_data_in[16]                                                                                                  ;
; CONNECT_TO_SLD_NODE_ENTITY_PORT          ; uart:O4_LCDUART|RDATO[5]  ; --             ; acq_trigger_in[17]                                                                                               ;
; CONNECT_TO_SLD_NODE_ENTITY_PORT          ; uart:O4_LCDUART|RDATO[5]  ; --             ; acq_data_in[17]                                                                                                  ;
; CONNECT_TO_SLD_NODE_ENTITY_PORT          ; uart:O4_LCDUART|RDATO[6]  ; --             ; acq_trigger_in[18]                                                                                               ;
; CONNECT_TO_SLD_NODE_ENTITY_PORT          ; uart:O4_LCDUART|RDATO[6]  ; --             ; acq_data_in[18]                                                                                                  ;
; CONNECT_TO_SLD_NODE_ENTITY_PORT          ; uart:O4_LCDUART|RDATO[7]  ; --             ; acq_trigger_in[19]                                                                                               ;
; CONNECT_TO_SLD_NODE_ENTITY_PORT          ; uart:O4_LCDUART|RDATO[7]  ; --             ; acq_data_in[19]                                                                                                  ;
; CONNECT_TO_SLD_NODE_ENTITY_PORT          ; uart:O4_LCDUART|RDATO[8]  ; --             ; acq_trigger_in[20]                                                                                               ;
; CONNECT_TO_SLD_NODE_ENTITY_PORT          ; uart:O4_LCDUART|RDATO[8]  ; --             ; acq_data_in[20]                                                                                                  ;
; CONNECT_TO_SLD_NODE_ENTITY_PORT          ; uart:O4_LCDUART|RDATO[9]  ; --             ; acq_trigger_in[21]                                                                                               ;
; CONNECT_TO_SLD_NODE_ENTITY_PORT          ; uart:O4_LCDUART|RDATO[9]  ; --             ; acq_data_in[21]                                                                                                  ;
; POST_FIT_CONNECT_TO_SLD_NODE_ENTITY_PORT ; auto_signaltap_0|gnd      ; --             ; crc[4]                                                                                                           ;
; POST_FIT_CONNECT_TO_SLD_NODE_ENTITY_PORT ; auto_signaltap_0|gnd      ; --             ; crc[12]                                                                                                          ;
; POST_FIT_CONNECT_TO_SLD_NODE_ENTITY_PORT ; auto_signaltap_0|gnd      ; --             ; crc[13]                                                                                                          ;
; POST_FIT_CONNECT_TO_SLD_NODE_ENTITY_PORT ; auto_signaltap_0|gnd      ; --             ; crc[18]                                                                                                          ;
; POST_FIT_CONNECT_TO_SLD_NODE_ENTITY_PORT ; auto_signaltap_0|gnd      ; --             ; crc[31]                                                                                                          ;
; POST_FIT_CONNECT_TO_SLD_NODE_ENTITY_PORT ; auto_signaltap_0|gnd      ; --             ; crc[7]                                                                                                           ;
; POST_FIT_CONNECT_TO_SLD_NODE_ENTITY_PORT ; auto_signaltap_0|gnd      ; --             ; crc[2]                                                                                                           ;
; POST_FIT_CONNECT_TO_SLD_NODE_ENTITY_PORT ; auto_signaltap_0|gnd      ; --             ; crc[6]                                                                                                           ;
; POST_FIT_CONNECT_TO_SLD_NODE_ENTITY_PORT ; auto_signaltap_0|gnd      ; --             ; crc[14]                                                                                                          ;
; POST_FIT_CONNECT_TO_SLD_NODE_ENTITY_PORT ; auto_signaltap_0|vcc      ; --             ; crc[15]                                                                                                          ;
; POST_FIT_CONNECT_TO_SLD_NODE_ENTITY_PORT ; auto_signaltap_0|vcc      ; --             ; crc[30]                                                                                                          ;
; POST_FIT_CONNECT_TO_SLD_NODE_ENTITY_PORT ; auto_signaltap_0|vcc      ; --             ; crc[27]                                                                                                          ;
; POST_FIT_CONNECT_TO_SLD_NODE_ENTITY_PORT ; auto_signaltap_0|vcc      ; --             ; crc[17]                                                                                                          ;
; POST_FIT_CONNECT_TO_SLD_NODE_ENTITY_PORT ; auto_signaltap_0|vcc      ; --             ; crc[5]                                                                                                           ;
; POST_FIT_CONNECT_TO_SLD_NODE_ENTITY_PORT ; auto_signaltap_0|vcc      ; --             ; crc[10]                                                                                                          ;
; POST_FIT_CONNECT_TO_SLD_NODE_ENTITY_PORT ; auto_signaltap_0|vcc      ; --             ; crc[23]                                                                                                          ;
; SLD_NODE_PARAMETER_ASSIGNMENT            ;                           ; --             ; SLD_SEGMENT_SIZE=8192                                                                                            ;
; SLD_NODE_PARAMETER_ASSIGNMENT            ;                           ; --             ; SLD_SAMPLE_DEPTH=8192                                                                                            ;
; SLD_NODE_PARAMETER_ASSIGNMENT            ;                           ; --             ; SLD_DATA_BITS=22                                                                                                 ;
; SLD_NODE_PARAMETER_ASSIGNMENT            ;                           ; --             ; SLD_TRIGGER_BITS=22                                                                                              ;
; SLD_NODE_PARAMETER_ASSIGNMENT            ;                           ; --             ; SLD_STORAGE_QUALIFIER_BITS=22                                                                                    ;
; SLD_NODE_PARAMETER_ASSIGNMENT            ;                           ; --             ; SLD_INVERSION_MASK=000000000000000000000000000000000000000000000000000000000000000000000000000000000000000000000 ;
; SLD_NODE_PARAMETER_ASSIGNMENT            ;                           ; --             ; SLD_INVERSION_MASK_LENGTH=93                                                                                     ;
; POST_FIT_CONNECT_TO_SLD_NODE_ENTITY_PORT ; auto_signaltap_0|gnd      ; crc[5]         ; --                                                                                                               ;
; POST_FIT_CONNECT_TO_SLD_NODE_ENTITY_PORT ; auto_signaltap_0|gnd      ; crc[23]        ; --                                                                                                               ;
; POST_FIT_CONNECT_TO_SLD_NODE_ENTITY_PORT ; auto_signaltap_0|gnd      ; crc[10]        ; --                                                                                                               ;
; POST_FIT_CONNECT_TO_SLD_NODE_ENTITY_PORT ; auto_signaltap_0|gnd      ; crc[17]        ; --                                                                                                               ;
; POST_FIT_CONNECT_TO_SLD_NODE_ENTITY_PORT ; auto_signaltap_0|gnd      ; crc[27]        ; --                                                                                                               ;
+------------------------------------------+---------------------------+----------------+------------------------------------------------------------------------------------------------------------------+
This list only includes the top 50 out of 68 changed assignments


+---------------------------------------------------------------------------------------------------------------------------------------------------------------+
; Connections to In-System Debugging Instance "auto_signaltap_0"                                                                                                ;
+----------------------------+---------------+-----------+--------------------------------+-------------------+---------------------------------------+---------+
; Name                       ; Type          ; Status    ; Partition Name                 ; Netlist Type Used ; Actual Connection                     ; Details ;
+----------------------------+---------------+-----------+--------------------------------+-------------------+---------------------------------------+---------+
; CLOCK_50                   ; pre-synthesis ; connected ; Top                            ; post-synthesis    ; CLOCK_50~input                        ; N/A     ;
; Rx                         ; pre-synthesis ; connected ; Top                            ; post-synthesis    ; Rx~input                              ; N/A     ;
; Rx                         ; pre-synthesis ; connected ; Top                            ; post-synthesis    ; Rx~input                              ; N/A     ;
; uart:O4_LCDUART|EP.ADDLEFT ; pre-synthesis ; connected ; Top                            ; post-synthesis    ; uart:O4_LCDUART|EP.ADDLEFT~0          ; N/A     ;
; uart:O4_LCDUART|EP.ADDLEFT ; pre-synthesis ; connected ; Top                            ; post-synthesis    ; uart:O4_LCDUART|EP.ADDLEFT~0          ; N/A     ;
; uart:O4_LCDUART|EP.LDDATA  ; pre-synthesis ; connected ; Top                            ; post-synthesis    ; uart:O4_LCDUART|EP.LDDATA~0           ; N/A     ;
; uart:O4_LCDUART|EP.LDDATA  ; pre-synthesis ; connected ; Top                            ; post-synthesis    ; uart:O4_LCDUART|EP.LDDATA~0           ; N/A     ;
; uart:O4_LCDUART|EP.MIDVEL  ; pre-synthesis ; connected ; Top                            ; post-synthesis    ; uart:O4_LCDUART|EP.MIDVEL~0           ; N/A     ;
; uart:O4_LCDUART|EP.MIDVEL  ; pre-synthesis ; connected ; Top                            ; post-synthesis    ; uart:O4_LCDUART|EP.MIDVEL~0           ; N/A     ;
; uart:O4_LCDUART|EP.PRELED  ; pre-synthesis ; connected ; Top                            ; post-synthesis    ; uart:O4_LCDUART|EP.PRELED~0           ; N/A     ;
; uart:O4_LCDUART|EP.PRELED  ; pre-synthesis ; connected ; Top                            ; post-synthesis    ; uart:O4_LCDUART|EP.PRELED~0           ; N/A     ;
; uart:O4_LCDUART|EP.PREWAIT ; pre-synthesis ; connected ; Top                            ; post-synthesis    ; uart:O4_LCDUART|EP.PREWAIT~0          ; N/A     ;
; uart:O4_LCDUART|EP.PREWAIT ; pre-synthesis ; connected ; Top                            ; post-synthesis    ; uart:O4_LCDUART|EP.PREWAIT~0          ; N/A     ;
; uart:O4_LCDUART|EP.SIGNALS ; pre-synthesis ; connected ; Top                            ; post-synthesis    ; uart:O4_LCDUART|EP.SIGNALS            ; N/A     ;
; uart:O4_LCDUART|EP.SIGNALS ; pre-synthesis ; connected ; Top                            ; post-synthesis    ; uart:O4_LCDUART|EP.SIGNALS            ; N/A     ;
; uart:O4_LCDUART|EP.WTDATA  ; pre-synthesis ; connected ; Top                            ; post-synthesis    ; uart:O4_LCDUART|EP.WTDATA~0           ; N/A     ;
; uart:O4_LCDUART|EP.WTDATA  ; pre-synthesis ; connected ; Top                            ; post-synthesis    ; uart:O4_LCDUART|EP.WTDATA~0           ; N/A     ;
; uart:O4_LCDUART|EP.WTLED   ; pre-synthesis ; connected ; Top                            ; post-synthesis    ; uart:O4_LCDUART|EP.WTLED~0            ; N/A     ;
; uart:O4_LCDUART|EP.WTLED   ; pre-synthesis ; connected ; Top                            ; post-synthesis    ; uart:O4_LCDUART|EP.WTLED~0            ; N/A     ;
; uart:O4_LCDUART|EP.WTORDER ; pre-synthesis ; connected ; Top                            ; post-synthesis    ; uart:O4_LCDUART|EP.WTORDER            ; N/A     ;
; uart:O4_LCDUART|EP.WTORDER ; pre-synthesis ; connected ; Top                            ; post-synthesis    ; uart:O4_LCDUART|EP.WTORDER            ; N/A     ;
; uart:O4_LCDUART|EP.WTTRAMA ; pre-synthesis ; connected ; Top                            ; post-synthesis    ; uart:O4_LCDUART|EP.WTTRAMA~0_wirecell ; N/A     ;
; uart:O4_LCDUART|EP.WTTRAMA ; pre-synthesis ; connected ; Top                            ; post-synthesis    ; uart:O4_LCDUART|EP.WTTRAMA~0_wirecell ; N/A     ;
; uart:O4_LCDUART|RDATO[0]   ; pre-synthesis ; connected ; Top                            ; post-synthesis    ; uart:O4_LCDUART|RDATO[0]              ; N/A     ;
; uart:O4_LCDUART|RDATO[0]   ; pre-synthesis ; connected ; Top                            ; post-synthesis    ; uart:O4_LCDUART|RDATO[0]              ; N/A     ;
; uart:O4_LCDUART|RDATO[10]  ; pre-synthesis ; connected ; Top                            ; post-synthesis    ; uart:O4_LCDUART|RDATO[10]             ; N/A     ;
; uart:O4_LCDUART|RDATO[10]  ; pre-synthesis ; connected ; Top                            ; post-synthesis    ; uart:O4_LCDUART|RDATO[10]             ; N/A     ;
; uart:O4_LCDUART|RDATO[1]   ; pre-synthesis ; connected ; Top                            ; post-synthesis    ; uart:O4_LCDUART|RDATO[1]              ; N/A     ;
; uart:O4_LCDUART|RDATO[1]   ; pre-synthesis ; connected ; Top                            ; post-synthesis    ; uart:O4_LCDUART|RDATO[1]              ; N/A     ;
; uart:O4_LCDUART|RDATO[2]   ; pre-synthesis ; connected ; Top                            ; post-synthesis    ; uart:O4_LCDUART|RDATO[2]              ; N/A     ;
; uart:O4_LCDUART|RDATO[2]   ; pre-synthesis ; connected ; Top                            ; post-synthesis    ; uart:O4_LCDUART|RDATO[2]              ; N/A     ;
; uart:O4_LCDUART|RDATO[3]   ; pre-synthesis ; connected ; Top                            ; post-synthesis    ; uart:O4_LCDUART|RDATO[3]              ; N/A     ;
; uart:O4_LCDUART|RDATO[3]   ; pre-synthesis ; connected ; Top                            ; post-synthesis    ; uart:O4_LCDUART|RDATO[3]              ; N/A     ;
; uart:O4_LCDUART|RDATO[4]   ; pre-synthesis ; connected ; Top                            ; post-synthesis    ; uart:O4_LCDUART|RDATO[4]              ; N/A     ;
; uart:O4_LCDUART|RDATO[4]   ; pre-synthesis ; connected ; Top                            ; post-synthesis    ; uart:O4_LCDUART|RDATO[4]              ; N/A     ;
; uart:O4_LCDUART|RDATO[5]   ; pre-synthesis ; connected ; Top                            ; post-synthesis    ; uart:O4_LCDUART|RDATO[5]              ; N/A     ;
; uart:O4_LCDUART|RDATO[5]   ; pre-synthesis ; connected ; Top                            ; post-synthesis    ; uart:O4_LCDUART|RDATO[5]              ; N/A     ;
; uart:O4_LCDUART|RDATO[6]   ; pre-synthesis ; connected ; Top                            ; post-synthesis    ; uart:O4_LCDUART|RDATO[6]              ; N/A     ;
; uart:O4_LCDUART|RDATO[6]   ; pre-synthesis ; connected ; Top                            ; post-synthesis    ; uart:O4_LCDUART|RDATO[6]              ; N/A     ;
; uart:O4_LCDUART|RDATO[7]   ; pre-synthesis ; connected ; Top                            ; post-synthesis    ; uart:O4_LCDUART|RDATO[7]              ; N/A     ;
; uart:O4_LCDUART|RDATO[7]   ; pre-synthesis ; connected ; Top                            ; post-synthesis    ; uart:O4_LCDUART|RDATO[7]              ; N/A     ;
; uart:O4_LCDUART|RDATO[8]   ; pre-synthesis ; connected ; Top                            ; post-synthesis    ; uart:O4_LCDUART|RDATO[8]              ; N/A     ;
; uart:O4_LCDUART|RDATO[8]   ; pre-synthesis ; connected ; Top                            ; post-synthesis    ; uart:O4_LCDUART|RDATO[8]              ; N/A     ;
; uart:O4_LCDUART|RDATO[9]   ; pre-synthesis ; connected ; Top                            ; post-synthesis    ; uart:O4_LCDUART|RDATO[9]              ; N/A     ;
; uart:O4_LCDUART|RDATO[9]   ; pre-synthesis ; connected ; Top                            ; post-synthesis    ; uart:O4_LCDUART|RDATO[9]              ; N/A     ;
; auto_signaltap_0|gnd       ; post-fitting  ; connected ; sld_signaltap:auto_signaltap_0 ; post-synthesis    ; sld_signaltap:auto_signaltap_0|~GND   ; N/A     ;
; auto_signaltap_0|gnd       ; post-fitting  ; connected ; sld_signaltap:auto_signaltap_0 ; post-synthesis    ; sld_signaltap:auto_signaltap_0|~GND   ; N/A     ;
; auto_signaltap_0|gnd       ; post-fitting  ; connected ; sld_signaltap:auto_signaltap_0 ; post-synthesis    ; sld_signaltap:auto_signaltap_0|~GND   ; N/A     ;
; auto_signaltap_0|gnd       ; post-fitting  ; connected ; sld_signaltap:auto_signaltap_0 ; post-synthesis    ; sld_signaltap:auto_signaltap_0|~GND   ; N/A     ;
; auto_signaltap_0|gnd       ; post-fitting  ; connected ; sld_signaltap:auto_signaltap_0 ; post-synthesis    ; sld_signaltap:auto_signaltap_0|~GND   ; N/A     ;
; auto_signaltap_0|gnd       ; post-fitting  ; connected ; sld_signaltap:auto_signaltap_0 ; post-synthesis    ; sld_signaltap:auto_signaltap_0|~GND   ; N/A     ;
; auto_signaltap_0|gnd       ; post-fitting  ; connected ; sld_signaltap:auto_signaltap_0 ; post-synthesis    ; sld_signaltap:auto_signaltap_0|~GND   ; N/A     ;
; auto_signaltap_0|gnd       ; post-fitting  ; connected ; sld_signaltap:auto_signaltap_0 ; post-synthesis    ; sld_signaltap:auto_signaltap_0|~GND   ; N/A     ;
; auto_signaltap_0|gnd       ; post-fitting  ; connected ; sld_signaltap:auto_signaltap_0 ; post-synthesis    ; sld_signaltap:auto_signaltap_0|~GND   ; N/A     ;
; auto_signaltap_0|gnd       ; post-fitting  ; connected ; sld_signaltap:auto_signaltap_0 ; post-synthesis    ; sld_signaltap:auto_signaltap_0|~GND   ; N/A     ;
; auto_signaltap_0|gnd       ; post-fitting  ; connected ; sld_signaltap:auto_signaltap_0 ; post-synthesis    ; sld_signaltap:auto_signaltap_0|~GND   ; N/A     ;
; auto_signaltap_0|gnd       ; post-fitting  ; connected ; sld_signaltap:auto_signaltap_0 ; post-synthesis    ; sld_signaltap:auto_signaltap_0|~GND   ; N/A     ;
; auto_signaltap_0|gnd       ; post-fitting  ; connected ; sld_signaltap:auto_signaltap_0 ; post-synthesis    ; sld_signaltap:auto_signaltap_0|~GND   ; N/A     ;
; auto_signaltap_0|gnd       ; post-fitting  ; connected ; sld_signaltap:auto_signaltap_0 ; post-synthesis    ; sld_signaltap:auto_signaltap_0|~GND   ; N/A     ;
; auto_signaltap_0|gnd       ; post-fitting  ; connected ; sld_signaltap:auto_signaltap_0 ; post-synthesis    ; sld_signaltap:auto_signaltap_0|~GND   ; N/A     ;
; auto_signaltap_0|gnd       ; post-fitting  ; connected ; sld_signaltap:auto_signaltap_0 ; post-synthesis    ; sld_signaltap:auto_signaltap_0|~GND   ; N/A     ;
; auto_signaltap_0|gnd       ; post-fitting  ; connected ; sld_signaltap:auto_signaltap_0 ; post-synthesis    ; sld_signaltap:auto_signaltap_0|~GND   ; N/A     ;
; auto_signaltap_0|gnd       ; post-fitting  ; connected ; sld_signaltap:auto_signaltap_0 ; post-synthesis    ; sld_signaltap:auto_signaltap_0|~GND   ; N/A     ;
; auto_signaltap_0|gnd       ; post-fitting  ; connected ; sld_signaltap:auto_signaltap_0 ; post-synthesis    ; sld_signaltap:auto_signaltap_0|~GND   ; N/A     ;
; auto_signaltap_0|gnd       ; post-fitting  ; connected ; sld_signaltap:auto_signaltap_0 ; post-synthesis    ; sld_signaltap:auto_signaltap_0|~GND   ; N/A     ;
; auto_signaltap_0|vcc       ; post-fitting  ; connected ; sld_signaltap:auto_signaltap_0 ; post-synthesis    ; sld_signaltap:auto_signaltap_0|~VCC   ; N/A     ;
; auto_signaltap_0|vcc       ; post-fitting  ; connected ; sld_signaltap:auto_signaltap_0 ; post-synthesis    ; sld_signaltap:auto_signaltap_0|~VCC   ; N/A     ;
; auto_signaltap_0|vcc       ; post-fitting  ; connected ; sld_signaltap:auto_signaltap_0 ; post-synthesis    ; sld_signaltap:auto_signaltap_0|~VCC   ; N/A     ;
; auto_signaltap_0|vcc       ; post-fitting  ; connected ; sld_signaltap:auto_signaltap_0 ; post-synthesis    ; sld_signaltap:auto_signaltap_0|~VCC   ; N/A     ;
; auto_signaltap_0|vcc       ; post-fitting  ; connected ; sld_signaltap:auto_signaltap_0 ; post-synthesis    ; sld_signaltap:auto_signaltap_0|~VCC   ; N/A     ;
; auto_signaltap_0|vcc       ; post-fitting  ; connected ; sld_signaltap:auto_signaltap_0 ; post-synthesis    ; sld_signaltap:auto_signaltap_0|~VCC   ; N/A     ;
; auto_signaltap_0|vcc       ; post-fitting  ; connected ; sld_signaltap:auto_signaltap_0 ; post-synthesis    ; sld_signaltap:auto_signaltap_0|~VCC   ; N/A     ;
; auto_signaltap_0|vcc       ; post-fitting  ; connected ; sld_signaltap:auto_signaltap_0 ; post-synthesis    ; sld_signaltap:auto_signaltap_0|~VCC   ; N/A     ;
; auto_signaltap_0|vcc       ; post-fitting  ; connected ; sld_signaltap:auto_signaltap_0 ; post-synthesis    ; sld_signaltap:auto_signaltap_0|~VCC   ; N/A     ;
; auto_signaltap_0|vcc       ; post-fitting  ; connected ; sld_signaltap:auto_signaltap_0 ; post-synthesis    ; sld_signaltap:auto_signaltap_0|~VCC   ; N/A     ;
; auto_signaltap_0|vcc       ; post-fitting  ; connected ; sld_signaltap:auto_signaltap_0 ; post-synthesis    ; sld_signaltap:auto_signaltap_0|~VCC   ; N/A     ;
; auto_signaltap_0|vcc       ; post-fitting  ; connected ; sld_signaltap:auto_signaltap_0 ; post-synthesis    ; sld_signaltap:auto_signaltap_0|~VCC   ; N/A     ;
+----------------------------+---------------+-----------+--------------------------------+-------------------+---------------------------------------+---------+


+---------------------------------------------------------------------------------------------------------------------------------+
; Partition Merge Partition Pin Processing                                                                                        ;
+-----------------------------------+-----------+---------------+-------------------+---------------------------------------------+
; Name                              ; Partition ; Type          ; Location          ; Status                                      ;
+-----------------------------------+-----------+---------------+-------------------+---------------------------------------------+
; CLOCK_50                          ; Top       ; Input Port    ; n/a               ;                                             ;
;     -- CLOCK_50                   ; Top       ; Input Pad     ; IOPAD_X32_Y0_N0   ; Preserved from Post-Fit or Imported Netlist ;
;     -- CLOCK_50~input             ; Top       ; Input Buffer  ; IOIBUF_X32_Y0_N1  ; Preserved from Post-Fit or Imported Netlist ;
;                                   ;           ;               ;                   ;                                             ;
; KEY[0]                            ; Top       ; Input Port    ; n/a               ;                                             ;
;     -- KEY[0]                     ; Top       ; Input Pad     ; IOPAD_X36_Y0_N0   ; Preserved from Post-Fit or Imported Netlist ;
;     -- KEY[0]~input               ; Top       ; Input Buffer  ; IOIBUF_X36_Y0_N1  ; Preserved from Post-Fit or Imported Netlist ;
;                                   ;           ;               ;                   ;                                             ;
; KEY[1]                            ; Top       ; Input Port    ; n/a               ;                                             ;
;     -- KEY[1]                     ; Top       ; Input Pad     ; IOPAD_X36_Y0_N17  ; Preserved from Post-Fit or Imported Netlist ;
;     -- KEY[1]~input               ; Top       ; Input Buffer  ; IOIBUF_X36_Y0_N18 ; Preserved from Post-Fit or Imported Netlist ;
;                                   ;           ;               ;                   ;                                             ;
; KEY[2]                            ; Top       ; Input Port    ; n/a               ;                                             ;
;     -- KEY[2]                     ; Top       ; Input Pad     ; IOPAD_X40_Y0_N0   ; Preserved from Post-Fit or Imported Netlist ;
;     -- KEY[2]~input               ; Top       ; Input Buffer  ; IOIBUF_X40_Y0_N1  ; Preserved from Post-Fit or Imported Netlist ;
;                                   ;           ;               ;                   ;                                             ;
; KEY[3]                            ; Top       ; Input Port    ; n/a               ;                                             ;
;     -- KEY[3]                     ; Top       ; Input Pad     ; IOPAD_X40_Y0_N17  ; Preserved from Post-Fit or Imported Netlist ;
;     -- KEY[3]~input               ; Top       ; Input Buffer  ; IOIBUF_X40_Y0_N18 ; Preserved from Post-Fit or Imported Netlist ;
;                                   ;           ;               ;                   ;                                             ;
; LEDR[0]                           ; Top       ; Output Port   ; n/a               ;                                             ;
;     -- LEDR[0]                    ; Top       ; Output Pad    ; IOPAD_X52_Y0_N0   ; Preserved from Post-Fit or Imported Netlist ;
;     -- LEDR[0]~output             ; Top       ; Output Buffer ; IOOBUF_X52_Y0_N2  ; Preserved from Post-Fit or Imported Netlist ;
;                                   ;           ;               ;                   ;                                             ;
; LEDR[1]                           ; Top       ; Output Port   ; n/a               ;                                             ;
;     -- LEDR[1]                    ; Top       ; Output Pad    ; IOPAD_X52_Y0_N17  ; Preserved from Post-Fit or Imported Netlist ;
;     -- LEDR[1]~output             ; Top       ; Output Buffer ; IOOBUF_X52_Y0_N19 ; Preserved from Post-Fit or Imported Netlist ;
;                                   ;           ;               ;                   ;                                             ;
; LEDR[2]                           ; Top       ; Output Port   ; n/a               ;                                             ;
;     -- LEDR[2]                    ; Top       ; Output Pad    ; IOPAD_X60_Y0_N0   ; Preserved from Post-Fit or Imported Netlist ;
;     -- LEDR[2]~output             ; Top       ; Output Buffer ; IOOBUF_X60_Y0_N2  ; Preserved from Post-Fit or Imported Netlist ;
;                                   ;           ;               ;                   ;                                             ;
; LEDR[3]                           ; Top       ; Output Port   ; n/a               ;                                             ;
;     -- LEDR[3]                    ; Top       ; Output Pad    ; IOPAD_X80_Y0_N0   ; Preserved from Post-Fit or Imported Netlist ;
;     -- LEDR[3]~output             ; Top       ; Output Buffer ; IOOBUF_X80_Y0_N2  ; Preserved from Post-Fit or Imported Netlist ;
;                                   ;           ;               ;                   ;                                             ;
; LEDR[4]                           ; Top       ; Output Port   ; n/a               ;                                             ;
;     -- LEDR[4]                    ; Top       ; Output Pad    ; IOPAD_X60_Y0_N17  ; Preserved from Post-Fit or Imported Netlist ;
;     -- LEDR[4]~output             ; Top       ; Output Buffer ; IOOBUF_X60_Y0_N19 ; Preserved from Post-Fit or Imported Netlist ;
;                                   ;           ;               ;                   ;                                             ;
; LEDR[5]                           ; Top       ; Output Port   ; n/a               ;                                             ;
;     -- LEDR[5]                    ; Top       ; Output Pad    ; IOPAD_X80_Y0_N17  ; Preserved from Post-Fit or Imported Netlist ;
;     -- LEDR[5]~output             ; Top       ; Output Buffer ; IOOBUF_X80_Y0_N19 ; Preserved from Post-Fit or Imported Netlist ;
;                                   ;           ;               ;                   ;                                             ;
; LEDR[6]                           ; Top       ; Output Port   ; n/a               ;                                             ;
;     -- LEDR[6]                    ; Top       ; Output Pad    ; IOPAD_X84_Y0_N0   ; Preserved from Post-Fit or Imported Netlist ;
;     -- LEDR[6]~output             ; Top       ; Output Buffer ; IOOBUF_X84_Y0_N2  ; Preserved from Post-Fit or Imported Netlist ;
;                                   ;           ;               ;                   ;                                             ;
; LEDR[7]                           ; Top       ; Output Port   ; n/a               ;                                             ;
;     -- LEDR[7]                    ; Top       ; Output Pad    ; IOPAD_X89_Y6_N3   ; Preserved from Post-Fit or Imported Netlist ;
;     -- LEDR[7]~output             ; Top       ; Output Buffer ; IOOBUF_X89_Y6_N5  ; Preserved from Post-Fit or Imported Netlist ;
;                                   ;           ;               ;                   ;                                             ;
; LEDR[8]                           ; Top       ; Output Port   ; n/a               ;                                             ;
;     -- LEDR[8]                    ; Top       ; Output Pad    ; IOPAD_X89_Y8_N3   ; Preserved from Post-Fit or Imported Netlist ;
;     -- LEDR[8]~output             ; Top       ; Output Buffer ; IOOBUF_X89_Y8_N5  ; Preserved from Post-Fit or Imported Netlist ;
;                                   ;           ;               ;                   ;                                             ;
; LEDR[9]                           ; Top       ; Output Port   ; n/a               ;                                             ;
;     -- LEDR[9]                    ; Top       ; Output Pad    ; IOPAD_X89_Y6_N20  ; Preserved from Post-Fit or Imported Netlist ;
;     -- LEDR[9]~output             ; Top       ; Output Buffer ; IOOBUF_X89_Y6_N22 ; Preserved from Post-Fit or Imported Netlist ;
;                                   ;           ;               ;                   ;                                             ;
; LT24_CS_N                         ; Top       ; Output Port   ; n/a               ;                                             ;
;     -- LT24_CS_N                  ; Top       ; Output Pad    ; IOPAD_X70_Y0_N34  ; Preserved from Post-Fit or Imported Netlist ;
;     -- LT24_CS_N~output           ; Top       ; Output Buffer ; IOOBUF_X70_Y0_N36 ; Preserved from Post-Fit or Imported Netlist ;
;                                   ;           ;               ;                   ;                                             ;
; LT24_D[0]                         ; Top       ; Output Port   ; n/a               ;                                             ;
;     -- LT24_D[0]                  ; Top       ; Output Pad    ; IOPAD_X86_Y0_N51  ; Preserved from Post-Fit or Imported Netlist ;
;     -- LT24_D[0]~output           ; Top       ; Output Buffer ; IOOBUF_X86_Y0_N53 ; Preserved from Post-Fit or Imported Netlist ;
;                                   ;           ;               ;                   ;                                             ;
; LT24_D[10]                        ; Top       ; Output Port   ; n/a               ;                                             ;
;     -- LT24_D[10]                 ; Top       ; Output Pad    ; IOPAD_X78_Y0_N51  ; Preserved from Post-Fit or Imported Netlist ;
;     -- LT24_D[10]~output          ; Top       ; Output Buffer ; IOOBUF_X78_Y0_N53 ; Preserved from Post-Fit or Imported Netlist ;
;                                   ;           ;               ;                   ;                                             ;
; LT24_D[11]                        ; Top       ; Output Port   ; n/a               ;                                             ;
;     -- LT24_D[11]                 ; Top       ; Output Pad    ; IOPAD_X74_Y0_N91  ; Preserved from Post-Fit or Imported Netlist ;
;     -- LT24_D[11]~output          ; Top       ; Output Buffer ; IOOBUF_X74_Y0_N93 ; Preserved from Post-Fit or Imported Netlist ;
;                                   ;           ;               ;                   ;                                             ;
; LT24_D[12]                        ; Top       ; Output Port   ; n/a               ;                                             ;
;     -- LT24_D[12]                 ; Top       ; Output Pad    ; IOPAD_X74_Y0_N74  ; Preserved from Post-Fit or Imported Netlist ;
;     -- LT24_D[12]~output          ; Top       ; Output Buffer ; IOOBUF_X74_Y0_N76 ; Preserved from Post-Fit or Imported Netlist ;
;                                   ;           ;               ;                   ;                                             ;
; LT24_D[13]                        ; Top       ; Output Port   ; n/a               ;                                             ;
;     -- LT24_D[13]                 ; Top       ; Output Pad    ; IOPAD_X72_Y0_N51  ; Preserved from Post-Fit or Imported Netlist ;
;     -- LT24_D[13]~output          ; Top       ; Output Buffer ; IOOBUF_X72_Y0_N53 ; Preserved from Post-Fit or Imported Netlist ;
;                                   ;           ;               ;                   ;                                             ;
; LT24_D[14]                        ; Top       ; Output Port   ; n/a               ;                                             ;
;     -- LT24_D[14]                 ; Top       ; Output Pad    ; IOPAD_X64_Y0_N34  ; Preserved from Post-Fit or Imported Netlist ;
;     -- LT24_D[14]~output          ; Top       ; Output Buffer ; IOOBUF_X64_Y0_N36 ; Preserved from Post-Fit or Imported Netlist ;
;                                   ;           ;               ;                   ;                                             ;
; LT24_D[15]                        ; Top       ; Output Port   ; n/a               ;                                             ;
;     -- LT24_D[15]                 ; Top       ; Output Pad    ; IOPAD_X72_Y0_N34  ; Preserved from Post-Fit or Imported Netlist ;
;     -- LT24_D[15]~output          ; Top       ; Output Buffer ; IOOBUF_X72_Y0_N36 ; Preserved from Post-Fit or Imported Netlist ;
;                                   ;           ;               ;                   ;                                             ;
; LT24_D[1]                         ; Top       ; Output Port   ; n/a               ;                                             ;
;     -- LT24_D[1]                  ; Top       ; Output Pad    ; IOPAD_X86_Y0_N34  ; Preserved from Post-Fit or Imported Netlist ;
;     -- LT24_D[1]~output           ; Top       ; Output Buffer ; IOOBUF_X86_Y0_N36 ; Preserved from Post-Fit or Imported Netlist ;
;                                   ;           ;               ;                   ;                                             ;
; LT24_D[2]                         ; Top       ; Output Port   ; n/a               ;                                             ;
;     -- LT24_D[2]                  ; Top       ; Output Pad    ; IOPAD_X88_Y0_N52  ; Preserved from Post-Fit or Imported Netlist ;
;     -- LT24_D[2]~output           ; Top       ; Output Buffer ; IOOBUF_X88_Y0_N54 ; Preserved from Post-Fit or Imported Netlist ;
;                                   ;           ;               ;                   ;                                             ;
; LT24_D[3]                         ; Top       ; Output Port   ; n/a               ;                                             ;
;     -- LT24_D[3]                  ; Top       ; Output Pad    ; IOPAD_X78_Y0_N17  ; Preserved from Post-Fit or Imported Netlist ;
;     -- LT24_D[3]~output           ; Top       ; Output Buffer ; IOOBUF_X78_Y0_N19 ; Preserved from Post-Fit or Imported Netlist ;
;                                   ;           ;               ;                   ;                                             ;
; LT24_D[4]                         ; Top       ; Output Port   ; n/a               ;                                             ;
;     -- LT24_D[4]                  ; Top       ; Output Pad    ; IOPAD_X80_Y0_N34  ; Preserved from Post-Fit or Imported Netlist ;
;     -- LT24_D[4]~output           ; Top       ; Output Buffer ; IOOBUF_X80_Y0_N36 ; Preserved from Post-Fit or Imported Netlist ;
;                                   ;           ;               ;                   ;                                             ;
; LT24_D[5]                         ; Top       ; Output Port   ; n/a               ;                                             ;
;     -- LT24_D[5]                  ; Top       ; Output Pad    ; IOPAD_X82_Y0_N91  ; Preserved from Post-Fit or Imported Netlist ;
;     -- LT24_D[5]~output           ; Top       ; Output Buffer ; IOOBUF_X82_Y0_N93 ; Preserved from Post-Fit or Imported Netlist ;
;                                   ;           ;               ;                   ;                                             ;
; LT24_D[6]                         ; Top       ; Output Port   ; n/a               ;                                             ;
;     -- LT24_D[6]                  ; Top       ; Output Pad    ; IOPAD_X82_Y0_N74  ; Preserved from Post-Fit or Imported Netlist ;
;     -- LT24_D[6]~output           ; Top       ; Output Buffer ; IOOBUF_X82_Y0_N76 ; Preserved from Post-Fit or Imported Netlist ;
;                                   ;           ;               ;                   ;                                             ;
; LT24_D[7]                         ; Top       ; Output Port   ; n/a               ;                                             ;
;     -- LT24_D[7]                  ; Top       ; Output Pad    ; IOPAD_X80_Y0_N51  ; Preserved from Post-Fit or Imported Netlist ;
;     -- LT24_D[7]~output           ; Top       ; Output Buffer ; IOOBUF_X80_Y0_N53 ; Preserved from Post-Fit or Imported Netlist ;
;                                   ;           ;               ;                   ;                                             ;
; LT24_D[8]                         ; Top       ; Output Port   ; n/a               ;                                             ;
;     -- LT24_D[8]                  ; Top       ; Output Pad    ; IOPAD_X76_Y0_N34  ; Preserved from Post-Fit or Imported Netlist ;
;     -- LT24_D[8]~output           ; Top       ; Output Buffer ; IOOBUF_X76_Y0_N36 ; Preserved from Post-Fit or Imported Netlist ;
;                                   ;           ;               ;                   ;                                             ;
; LT24_D[9]                         ; Top       ; Output Port   ; n/a               ;                                             ;
;     -- LT24_D[9]                  ; Top       ; Output Pad    ; IOPAD_X76_Y0_N51  ; Preserved from Post-Fit or Imported Netlist ;
;     -- LT24_D[9]~output           ; Top       ; Output Buffer ; IOOBUF_X76_Y0_N53 ; Preserved from Post-Fit or Imported Netlist ;
;                                   ;           ;               ;                   ;                                             ;
; LT24_LCD_ON                       ; Top       ; Output Port   ; n/a               ;                                             ;
;     -- LT24_LCD_ON                ; Top       ; Output Pad    ; IOPAD_X86_Y0_N0   ; Preserved from Post-Fit or Imported Netlist ;
;     -- LT24_LCD_ON~output         ; Top       ; Output Buffer ; IOOBUF_X86_Y0_N2  ; Preserved from Post-Fit or Imported Netlist ;
;                                   ;           ;               ;                   ;                                             ;
; LT24_RD_N                         ; Top       ; Output Port   ; n/a               ;                                             ;
;     -- LT24_RD_N                  ; Top       ; Output Pad    ; IOPAD_X84_Y0_N34  ; Preserved from Post-Fit or Imported Netlist ;
;     -- LT24_RD_N~output           ; Top       ; Output Buffer ; IOOBUF_X84_Y0_N36 ; Preserved from Post-Fit or Imported Netlist ;
;                                   ;           ;               ;                   ;                                             ;
; LT24_RESET_N                      ; Top       ; Output Port   ; n/a               ;                                             ;
;     -- LT24_RESET_N               ; Top       ; Output Pad    ; IOPAD_X82_Y0_N57  ; Preserved from Post-Fit or Imported Netlist ;
;     -- LT24_RESET_N~output        ; Top       ; Output Buffer ; IOOBUF_X82_Y0_N59 ; Preserved from Post-Fit or Imported Netlist ;
;                                   ;           ;               ;                   ;                                             ;
; LT24_RS                           ; Top       ; Output Port   ; n/a               ;                                             ;
;     -- LT24_RS                    ; Top       ; Output Pad    ; IOPAD_X84_Y0_N51  ; Preserved from Post-Fit or Imported Netlist ;
;     -- LT24_RS~output             ; Top       ; Output Buffer ; IOOBUF_X84_Y0_N53 ; Preserved from Post-Fit or Imported Netlist ;
;                                   ;           ;               ;                   ;                                             ;
; LT24_WR_N                         ; Top       ; Output Port   ; n/a               ;                                             ;
;     -- LT24_WR_N                  ; Top       ; Output Pad    ; IOPAD_X64_Y0_N51  ; Preserved from Post-Fit or Imported Netlist ;
;     -- LT24_WR_N~output           ; Top       ; Output Buffer ; IOOBUF_X64_Y0_N53 ; Preserved from Post-Fit or Imported Netlist ;
;                                   ;           ;               ;                   ;                                             ;
; Rx                                ; Top       ; Input Port    ; n/a               ;                                             ;
;     -- Rx                         ; Top       ; Input Pad     ; IOPAD_X58_Y0_N57  ; Preserved from Post-Fit or Imported Netlist ;
;     -- Rx~input                   ; Top       ; Input Buffer  ; IOIBUF_X58_Y0_N58 ; Preserved from Post-Fit or Imported Netlist ;
;                                   ;           ;               ;                   ;                                             ;
; SW[0]                             ; Top       ; Input Port    ; n/a               ;                                             ;
;     -- SW[0]                      ; Top       ; Input Pad     ; IOPAD_X12_Y0_N17  ; Preserved from Post-Fit or Imported Netlist ;
;     -- SW[0]~input                ; Top       ; Input Buffer  ; IOIBUF_X12_Y0_N18 ; Preserved from Post-Fit or Imported Netlist ;
;                                   ;           ;               ;                   ;                                             ;
; SW[1]                             ; Top       ; Input Port    ; n/a               ;                                             ;
;     -- SW[1]                      ; Top       ; Input Pad     ; IOPAD_X16_Y0_N0   ; Preserved from Post-Fit or Imported Netlist ;
;     -- SW[1]~input                ; Top       ; Input Buffer  ; IOIBUF_X16_Y0_N1  ; Preserved from Post-Fit or Imported Netlist ;
;                                   ;           ;               ;                   ;                                             ;
; SW[2]                             ; Top       ; Input Port    ; n/a               ;                                             ;
;     -- SW[2]                      ; Top       ; Input Pad     ; IOPAD_X8_Y0_N34   ; Preserved from Post-Fit or Imported Netlist ;
;     -- SW[2]~input                ; Top       ; Input Buffer  ; IOIBUF_X8_Y0_N35  ; Preserved from Post-Fit or Imported Netlist ;
;                                   ;           ;               ;                   ;                                             ;
; SW[3]                             ; Top       ; Input Port    ; n/a               ;                                             ;
;     -- SW[3]                      ; Top       ; Input Pad     ; IOPAD_X4_Y0_N51   ; Preserved from Post-Fit or Imported Netlist ;
;     -- SW[3]~input                ; Top       ; Input Buffer  ; IOIBUF_X4_Y0_N52  ; Preserved from Post-Fit or Imported Netlist ;
;                                   ;           ;               ;                   ;                                             ;
; SW[4]                             ; Top       ; Input Port    ; n/a               ;                                             ;
;     -- SW[4]                      ; Top       ; Input Pad     ; IOPAD_X2_Y0_N40   ; Preserved from Post-Fit or Imported Netlist ;
;     -- SW[4]~input                ; Top       ; Input Buffer  ; IOIBUF_X2_Y0_N41  ; Preserved from Post-Fit or Imported Netlist ;
;                                   ;           ;               ;                   ;                                             ;
; SW[5]                             ; Top       ; Input Port    ; n/a               ;                                             ;
;     -- SW[5]                      ; Top       ; Input Pad     ; IOPAD_X16_Y0_N17  ; Preserved from Post-Fit or Imported Netlist ;
;     -- SW[5]~input                ; Top       ; Input Buffer  ; IOIBUF_X16_Y0_N18 ; Preserved from Post-Fit or Imported Netlist ;
;                                   ;           ;               ;                   ;                                             ;
; SW[6]                             ; Top       ; Input Port    ; n/a               ;                                             ;
;     -- SW[6]                      ; Top       ; Input Pad     ; IOPAD_X4_Y0_N34   ; Preserved from Post-Fit or Imported Netlist ;
;     -- SW[6]~input                ; Top       ; Input Buffer  ; IOIBUF_X4_Y0_N35  ; Preserved from Post-Fit or Imported Netlist ;
;                                   ;           ;               ;                   ;                                             ;
; SW[7]                             ; Top       ; Input Port    ; n/a               ;                                             ;
;     -- SW[7]                      ; Top       ; Input Pad     ; IOPAD_X4_Y0_N0    ; Preserved from Post-Fit or Imported Netlist ;
;     -- SW[7]~input                ; Top       ; Input Buffer  ; IOIBUF_X4_Y0_N1   ; Preserved from Post-Fit or Imported Netlist ;
;                                   ;           ;               ;                   ;                                             ;
; SW[8]                             ; Top       ; Input Port    ; n/a               ;                                             ;
;     -- SW[8]                      ; Top       ; Input Pad     ; IOPAD_X4_Y0_N17   ; Preserved from Post-Fit or Imported Netlist ;
;     -- SW[8]~input                ; Top       ; Input Buffer  ; IOIBUF_X4_Y0_N18  ; Preserved from Post-Fit or Imported Netlist ;
;                                   ;           ;               ;                   ;                                             ;
; altera_reserved_tck               ; Top       ; Input Port    ; n/a               ;                                             ;
;     -- altera_reserved_tck        ; Top       ; Input Pad     ; Unplaced          ; Synthesized                                 ;
;     -- altera_reserved_tck~input  ; Top       ; Input Buffer  ; Unplaced          ; Synthesized                                 ;
;                                   ;           ;               ;                   ;                                             ;
; altera_reserved_tdi               ; Top       ; Input Port    ; n/a               ;                                             ;
;     -- altera_reserved_tdi        ; Top       ; Input Pad     ; Unplaced          ; Synthesized                                 ;
;     -- altera_reserved_tdi~input  ; Top       ; Input Buffer  ; Unplaced          ; Synthesized                                 ;
;                                   ;           ;               ;                   ;                                             ;
; altera_reserved_tdo               ; Top       ; Output Port   ; n/a               ;                                             ;
;     -- altera_reserved_tdo        ; Top       ; Output Pad    ; Unplaced          ; Synthesized                                 ;
;     -- altera_reserved_tdo~output ; Top       ; Output Buffer ; Unplaced          ; Synthesized                                 ;
;                                   ;           ;               ;                   ;                                             ;
; altera_reserved_tms               ; Top       ; Input Port    ; n/a               ;                                             ;
;     -- altera_reserved_tms        ; Top       ; Input Pad     ; Unplaced          ; Synthesized                                 ;
;     -- altera_reserved_tms~input  ; Top       ; Input Buffer  ; Unplaced          ; Synthesized                                 ;
;                                   ;           ;               ;                   ;                                             ;
; pre_syn.bp.O4_LCDUART_EP.ADDLEFT  ; Top       ; Output Port   ; n/a               ;                                             ;
;                                   ;           ;               ;                   ;                                             ;
; pre_syn.bp.O4_LCDUART_EP.LDDATA   ; Top       ; Output Port   ; n/a               ;                                             ;
;                                   ;           ;               ;                   ;                                             ;
; pre_syn.bp.O4_LCDUART_EP.MIDVEL   ; Top       ; Output Port   ; n/a               ;                                             ;
;                                   ;           ;               ;                   ;                                             ;
; pre_syn.bp.O4_LCDUART_EP.PRELED   ; Top       ; Output Port   ; n/a               ;                                             ;
;                                   ;           ;               ;                   ;                                             ;
; pre_syn.bp.O4_LCDUART_EP.PREWAIT  ; Top       ; Output Port   ; n/a               ;                                             ;
;                                   ;           ;               ;                   ;                                             ;
; pre_syn.bp.O4_LCDUART_EP.SIGNALS  ; Top       ; Output Port   ; n/a               ;                                             ;
;                                   ;           ;               ;                   ;                                             ;
; pre_syn.bp.O4_LCDUART_EP.WTDATA   ; Top       ; Output Port   ; n/a               ;                                             ;
;                                   ;           ;               ;                   ;                                             ;
; pre_syn.bp.O4_LCDUART_EP.WTLED    ; Top       ; Output Port   ; n/a               ;                                             ;
;                                   ;           ;               ;                   ;                                             ;
; pre_syn.bp.O4_LCDUART_EP.WTORDER  ; Top       ; Output Port   ; n/a               ;                                             ;
;                                   ;           ;               ;                   ;                                             ;
; pre_syn.bp.O4_LCDUART_EP.WTTRAMA  ; Top       ; Output Port   ; n/a               ;                                             ;
;                                   ;           ;               ;                   ;                                             ;
; pre_syn.bp.O4_LCDUART_RDATO_0_    ; Top       ; Output Port   ; n/a               ;                                             ;
;                                   ;           ;               ;                   ;                                             ;
; pre_syn.bp.O4_LCDUART_RDATO_10_   ; Top       ; Output Port   ; n/a               ;                                             ;
;                                   ;           ;               ;                   ;                                             ;
; pre_syn.bp.O4_LCDUART_RDATO_1_    ; Top       ; Output Port   ; n/a               ;                                             ;
;                                   ;           ;               ;                   ;                                             ;
; pre_syn.bp.O4_LCDUART_RDATO_2_    ; Top       ; Output Port   ; n/a               ;                                             ;
;                                   ;           ;               ;                   ;                                             ;
; pre_syn.bp.O4_LCDUART_RDATO_3_    ; Top       ; Output Port   ; n/a               ;                                             ;
;                                   ;           ;               ;                   ;                                             ;
; pre_syn.bp.O4_LCDUART_RDATO_4_    ; Top       ; Output Port   ; n/a               ;                                             ;
;                                   ;           ;               ;                   ;                                             ;
; pre_syn.bp.O4_LCDUART_RDATO_5_    ; Top       ; Output Port   ; n/a               ;                                             ;
;                                   ;           ;               ;                   ;                                             ;
; pre_syn.bp.O4_LCDUART_RDATO_6_    ; Top       ; Output Port   ; n/a               ;                                             ;
;                                   ;           ;               ;                   ;                                             ;
; pre_syn.bp.O4_LCDUART_RDATO_7_    ; Top       ; Output Port   ; n/a               ;                                             ;
;                                   ;           ;               ;                   ;                                             ;
; pre_syn.bp.O4_LCDUART_RDATO_8_    ; Top       ; Output Port   ; n/a               ;                                             ;
;                                   ;           ;               ;                   ;                                             ;
; pre_syn.bp.O4_LCDUART_RDATO_9_    ; Top       ; Output Port   ; n/a               ;                                             ;
;                                   ;           ;               ;                   ;                                             ;
+-----------------------------------+-----------+---------------+-------------------+---------------------------------------------+


+------------------------------------------------------------------------+
; Partition Merge Resource Usage Summary                                 ;
+---------------------------------------------+--------------------------+
; Resource                                    ; Usage                    ;
+---------------------------------------------+--------------------------+
; Estimate of Logic utilization (ALMs needed) ; 989                      ;
;                                             ;                          ;
; Combinational ALUT usage for logic          ; 1037                     ;
;     -- 7 input functions                    ; 4                        ;
;     -- 6 input functions                    ; 200                      ;
;     -- 5 input functions                    ; 200                      ;
;     -- 4 input functions                    ; 134                      ;
;     -- <=3 input functions                  ; 499                      ;
;                                             ;                          ;
; Dedicated logic registers                   ; 1186                     ;
;                                             ;                          ;
; I/O pins                                    ; 47                       ;
; Total MLAB memory bits                      ; 0                        ;
; Total block memory bits                     ; 180224                   ;
;                                             ;                          ;
; Total DSP Blocks                            ; 0                        ;
;                                             ;                          ;
; Maximum fan-out node                        ; altera_internal_jtag~TDO ;
; Maximum fan-out                             ; 459                      ;
; Total fan-out                               ; 9120                     ;
; Average fan-out                             ; 3.51                     ;
+---------------------------------------------+--------------------------+


+-------------------------------------------------------------------------------------------------------------------------------------------------------------------------------------------------------------------------------------------------------------------------------------------------------------+
; Partition Merge RAM Summary                                                                                                                                                                                                                                                                                 ;
+-------------------------------------------------------------------------------------------------------------------------------------------------------------------------------------------------------+------+------------------+--------------+--------------+--------------+--------------+--------+------+
; Name                                                                                                                                                                                                  ; Type ; Mode             ; Port A Depth ; Port A Width ; Port B Depth ; Port B Width ; Size   ; MIF  ;
+-------------------------------------------------------------------------------------------------------------------------------------------------------------------------------------------------------+------+------------------+--------------+--------------+--------------+--------------+--------+------+
; sld_signaltap:auto_signaltap_0|sld_signaltap_impl:sld_signaltap_body|sld_signaltap_implb:sld_signaltap_body|altsyncram:\stp_non_zero_ram_gen:stp_buffer_ram|altsyncram_qh84:auto_generated|ALTSYNCRAM ; AUTO ; Simple Dual Port ; 8192         ; 22           ; 8192         ; 22           ; 180224 ; None ;
+-------------------------------------------------------------------------------------------------------------------------------------------------------------------------------------------------------+------+------------------+--------------+--------------+--------------+--------------+--------+------+


+--------------------------+
; Partition Merge Messages ;
+--------------------------+
Info: *******************************************************************
Info: Running Quartus Prime Partition Merge
    Info: Version 18.1.1 Build 646 04/11/2019 SJ Standard Edition
    Info: Processing started: Wed Dec 21 17:55:18 2022
Info: Command: quartus_cdb --read_settings_files=on --write_settings_files=off DE1SOC_LCDLT24_2fas -c DE1SOC_LCDLT24_2fas --merge=on --recompile=on
Warning (18236): Number of processors has not been specified which may cause overloading on shared machines.  Set the global assignment NUM_PARALLEL_PROCESSORS in your QSF to an appropriate value for best performance.
Info (12849): Using Hybrid (Rapid Recompile) netlist for partition "Top"
Info (12849): Using Hybrid (Rapid Recompile) netlist for partition "sld_hub:auto_hub"
Info (12849): Using Hybrid (Rapid Recompile) netlist for partition "sld_signaltap:auto_signaltap_0"
Info (35024): Successfully connected in-system debug instance "auto_signaltap_0" to all 77 required data inputs, trigger inputs, acquisition clocks, and dynamic pins
Info (35002): Resolved and merged 3 partition(s)
Info (16010): Generating hard_block partition "hard_block:auto_generated_inst"
    Info (16011): Adding 9 node(s), including 0 DDIO, 0 PLL, 0 transceiver and 0 LCELL
Warning (21074): Design contains 1 input pin(s) that do not drive logic
    Warning (15610): No output dependent on input pin "SW[6]" File: C:/Users/ehu/Downloads/NEW_LAST/DE1SOC_LCDLT24_2fas/DE1SOC_LCDLT24_2fas.vhd Line: 27
Info (21057): Implemented 2025 device resources after synthesis - the final resource count might be different
    Info (21058): Implemented 18 input pins
    Info (21059): Implemented 33 output pins
    Info (21061): Implemented 1949 logic cells
    Info (21064): Implemented 22 RAM segments
Warning (20013): Ignored 1 assignments for entity "altsyncram_8i84" -- entity does not exist in design
    Warning (20014): Assignment for entity set_global_assignment -name OPTIMIZE_POWER_DURING_SYNTHESIS NORMAL_COMPILATION -entity altsyncram_8i84 -tag quartusii was ignored
Warning (20013): Ignored 1 assignments for entity "altsyncram_ih84" -- entity does not exist in design
    Warning (20014): Assignment for entity set_global_assignment -name OPTIMIZE_POWER_DURING_SYNTHESIS NORMAL_COMPILATION -entity altsyncram_ih84 -tag quartusii was ignored
Warning (20013): Ignored 1 assignments for entity "altsyncram_ph84" -- entity does not exist in design
    Warning (20014): Assignment for entity set_global_assignment -name OPTIMIZE_POWER_DURING_SYNTHESIS NORMAL_COMPILATION -entity altsyncram_ph84 -tag quartusii was ignored
Warning (20013): Ignored 1 assignments for entity "altsyncram_sh84" -- entity does not exist in design
    Warning (20014): Assignment for entity set_global_assignment -name OPTIMIZE_POWER_DURING_SYNTHESIS NORMAL_COMPILATION -entity altsyncram_sh84 -tag quartusii was ignored
Info: Quartus Prime Partition Merge was successful. 0 errors, 11 warnings
    Info: Peak virtual memory: 4995 megabytes
    Info: Processing ended: Wed Dec 21 17:55:21 2022
    Info: Elapsed time: 00:00:03
    Info: Total CPU time (on all processors): 00:00:03


